// Jest Snapshot v1, https://goo.gl/fbAQLP

exports[`py functions bytearray 1`] = `"{\\"0\\":116,\\"1\\":101,\\"2\\":115,\\"3\\":116,\\"4\\":101}"`;
